C:\Users\ASUS\source\repos\WebApplication7\WebApplication7\Program.cs(14,18): error CS1061: 'IServiceCollection' does not contain a definition for 'AddSwaggerGen' and no accessible extension method 'AddSwaggerGen' accepting a first argument of type 'IServiceCollection' could be found (are you missing a using directive or an assembly reference?) [C:\Users\ASUS\source\repos\WebApplication7\WebApplication7\WebApplication7.csproj]
C:\Users\ASUS\source\repos\WebApplication7\WebApplication7\Program.cs(34,9): error CS1061: 'WebApplication' does not contain a definition for 'UseSwagger' and no accessible extension method 'UseSwagger' accepting a first argument of type 'WebApplication' could be found (are you missing a using directive or an assembly reference?) [C:\Users\ASUS\source\repos\WebApplication7\WebApplication7\WebApplication7.csproj]
C:\Users\ASUS\source\repos\WebApplication7\WebApplication7\Program.cs(35,9): error CS1061: 'WebApplication' does not contain a definition for 'UseSwaggerUI' and no accessible extension method 'UseSwaggerUI' accepting a first argument of type 'WebApplication' could be found (are you missing a using directive or an assembly reference?) [C:\Users\ASUS\source\repos\WebApplication7\WebApplication7\WebApplication7.csproj]

Build FAILED.
    6 Warning(s)
    3 Error(s)

Time Elapsed 00:00:01.34
